a
a2b
abort
abs
absattr
absolute_url
absoluteURL
absolute_url_path
abspath
absuri_match
ac_inherited_permissions
AclUsers
acquire
action
Adaptable
adaptedMethod
adapter
add
addCheckerPublic
addCleanup
addCleanUp
addContext
addDTMLDocument
addDTMLMethod
add_entry
add_find_links
addHandler
addHeader
addingInfo
add_option
addPropertySheet
addPythonScript
add_result
addTest
addToContainer
adduser
afterClear
afterSetUp
all_meta_types
allocate_lock
allowed
AllowedItem
allow_module
alsoProvides
AltDatabaseManager
app
appcall
append
appendCookie
appendHeader
appendResponseHeaders
AppInitializer
application
Application
ApplicationManager
apply_func
apply_patches
app_wrapper
AppZapper
aq_acquire
aq_base
aq_get
aq_inner
AqPageTemplate
aq_parent
aq_self
aqwrap
arg
argv
ASCII
asctime
asHTML
asLockDiscoveryProperty
assertBadRequest
assertEqual
assert_expected
assert_expected_unicode
assertFalse
assertHooks
assertIn
AssertionError
assertIs
assert_is_checked_via_security_manager
assertIsInstance
assertIsNone
assertIsNotNone
assertLog
assertNotEqual
assertPermissionsOfRole
assertRaises
assertRolesOfUser
assertTrue
attr
AttrDict
Attribute
AttributeError
authenticate
auth_header
b2a
b2a_base64
b64decode
b64encode
bad_id
BadRequest
badRequestError
base
BASEmatch
basename
BaseRequest
base_re_search
basic_auth_decode
basic_auth_encode
basicConfig
batch
Batch
beforeClose
beforeSetUp
beforeTearDown
BeforeTraverseEvent
begin
beginScope
bind
bobo_application
boboAwareZopeTraverse
BoboTraversable
BoboTraversableUseTraversalDefault
BoboTraversableWithAcquisition
bobo_traverse
bogus_str_search
bool
Bool
BoundPageTemplate
bpt
bpth
breadcrumbs
Broken
Browser
browserDefault
Bruce
build_http_date
bytes
BytesIO
BytesLine
c
c2
cacheDetailSize
cacheMinimize
cache_size
cacheSize
call
callable
CallableNoDocstring
CallableObject
CallableSimpleContent
called
calledByExecutable
callManageAfterAdd
callManageAfterClone
callManageBeforeDelete
call_with_ns
callZCML
capitalize
CaseSensitiveParser
catch_all_response
cb_isCopyable
cb_isMoveable
cb_userHasCopyOrMovePermission
ChameleonPageTemplate
changeOwnership
charsetFromMetaEquiv
charset_re_match
chdir
check_buildout
check_content_type
checkFactory
check_html
checkName
checkObject
checkPermission
checkValidId
check_xml
children
chmod
choice
chooseName
chown
chr
class_
classImplements
ClassSecurityInfo
cleanUp
Cleanup
clear
clearCurrentSkin
clearRequest
ClientStorage
clone
close
closeAll
closed
closing
cls
cob
Code
collect
commit
compatibilityCall
compile
compile_restricted_eval
complex
complex_marshal
ComponentLookupError
compress
compressobj
ComputedAttribute
computeMountPaths
ConditionalSchemaParser
ConfigLoader
ConfigParser
ConfigurationError
configure
configure_vocabulary_registry
configure_wsgi
ConflictError
Conn
Connection
ConnectionRegistry
Container
container_filter
contains
ContextMock
convert
converter
convertToUnicode
convert_unicode
cook
cookId
cookie_path
CookieStub
copy
copydir
CopyError
copyfile
copyin
copymode
copyskel
count
counts
crc32
createBigFile
createDB
createErrorInfo
createLastModifiedDate
createMemberarea
createMemberArea
createTrustedZopeEngine
createZopeEngine
CruelSecurityPolicy
DatabaseChooser
DatabaseOpened
DatabaseOpenedWithRoot
DateTime
dav__init
DAVProperties
dav__simpleifhandler
db
DB
db_name
db_size
DBTab
debug
debugError
DebugFlags
decapitate
declare_namespace
declareObjectProtected
declareObjectPublic
declarePrivate
declareProtected
declarePublic
decode
decode64
decodeExpansion
decompress
decompressobj
deepcopy
DefaultConfiguration
DefaultProperties
DefaultPublishTraverse
DefaultUnicodeEncodingConflictResolver
delattr
delete_method_docstring
delPropertySheet
DemoStorage
DeniedItem
deprecated
Destination
DestinationURL
dict
digest
dir
directlyProvidedBy
directlyProvides
DirectoryResourceFactory
dirname
disableSite
dispatcher_class
dispatchToSublocations
docfilesuite
DocFileSuite
DocResponseWrapper
doctestsuite
DocTestSuite
document_src
doGET
domainSpecValidate
DTMLDocument
DTMLFile
DTMLMethod
Dummy
DummyCache
DummyCacheManager
DummyCallable
DummyConfig
DummyConnection
DummyContext
DummyDB
DummyDBTab
DummyDispatcher
DummyDocumentTemplate
DummyEngine
DummyFile
DummyFileUpload
DummyFolder
DummyHelp
DummyItem
DummyMembershipTool
DummyObject
DummyObjectBasic
DummyObjectWithBBT
DummyObjectWithBD
DummyObjectWithBDBBT
DummyObjectWithBPTH
DummyObjectWithDefault
DummyObjectWithDefaultNone
DummyObjectWithEmptyDocstring
DummyObjectWithPTHook
DummyObjectZ3
DummyObjectZ3WithAttr
DummyPage
DummyPortal
DummyRequest
DummyResponse
DummyTemplate
DummyTraverser
DummyUser
DummyView
dump
dumps
enableHTTPCompression
enableSite
encode
encode64
encodeExpansion
encodingFromXMLPreamble
end
endInteraction
EndRequestEvent
endScope
endswith
enumerate
erase
error
ErrorInfo
escape
eval
Eval
evaluate
evaluateStructure
EventCatcher
EventLogger
exc
exception
Exception
ExceptionStub
exc_info
exc_type
exec_
exec_callables
exists
exit
expandRanges
expanduser
expectMultipleRanges
expectNone
expectOK
expectSets
expectSingleRange
expectUnsatisfiable
expireCookie
exportFile
expr
expr_match
extend
extends
extract
ez
f
factory
fail
failureException
FakeConnection
FakeRoot
FancyAttribute
FancyContent
FauxRoot
FauxUser
field2bytes
field2lines
field2string
field2text
field2ulines
field2ustring
field2utext
field2utokens
FieldStorage
file
File
fileConfig
Filelike
FileStorage
filestream_iterator
FileUpload
filter
filter_
filterChildren
filtered_manage_options
filtered_meta_types
filter_warnings
finalize
find
findCacheables
findChildren
find_packages
findProducts
findSite
FiveTraversableFolder
flat
float
flush
fn
fnmatch
Folder
Foo
Forbidden
forbiddenError
format
format_exception
format_exception_only
frozenset
func
FuncCode
FunctionalDocFileSuite
FunctionalDocTestSuite
FunctionalSuiteFactory
gen_cases
generate
generate_capture_source
generateLockToken
get
get_app
getApp
getAssignedName
getattr
getAvailableInterfaces
getBindingAssignments
getBody
getCacheSize
getCacheSizeBytes
getcheckinterval
getChildren
getClientAddr
getCLIENT_HOME
getCompilerError
getconfig
getConfiguration
get_content_maintype
getContext
get_converter
getCookie
getcwd
getDatabase
getDatabaseFactory
getDatabaseNames
getDefault
getdefaultencoding
getDirectlyProvided
get_distribution
getDomains
get_editable_content
getEngine
get_env
get_folder_permissions
getGlobalSiteManager
get_header
getHeader
getHomeFolder
gethostbyaddr
getId
getIdsSubset
getImageInfo
get_inituser
getINSTANCE_HOME
getInterface
getInterfaces
getlocale
getLocale
get_local_roles
getLockToken
getLogger
getMenu
get_module_info
getmtime
getMultiAdapter
getName
getObjectPosition
getObjectsInTransaction
getOne
getopt
get_options
getOutput
getOwner
getOwnerTuple
get_packages_to_initialize
getpass
getPath
get_path_from_prefix
get_payload
getPermissionIdentifier
getPermissions
getPermissionsOfRole
getPhysicalPath
getPhysicalRoot
getpid
getPortal
getPreferredCharsets
getPreferredLanguages
get_products
getProperty
getPropertyType
getProvided
getpwnam
getrefcount
get_registered_packages
getRequest
getResource
getRoles
getRolesInContext
getRootFolder
get_safe_globals
getSchema
getSectionName
getSectionType
getSecurityInfo
getSecurityManager
getSite
getSiteManager
getsitepackages
get_size
getSize
get_skeltarget
get_starter
getStatus
getStorage
gettempdir
getTimeoutString
getuid
getUser
getUserById
getUserName
getUserNames
getUsers
getUtility
getvalue
getVerifiedManagerIds
getVirtualMountPaths
getVirtualRoot
get_wsgi_starter
get_zope2path
get_zope_conf
glob
GlobalObject
globals
gmtime
group
groups
guarded_getattr
guarded_getitem
guarded_hasattr
guess_content_type
guess_type
hack_pt
handle_class
handleWSGIConfig
hasattr
hasattr_
hasChildren
has_codec
hasDatabase
has_key
hasObject
has_package
has_permission
hasProperty
has_role
has_section
have
have_key
hdr_start
HeaderParser
headers_get
Held
hq
HTML
html_quote
http__etag
HTTPExceptionHandler
HTTPHeaderOutput
http__parseMatchList
HTTPPreconditionFailed
http__refreshEtag
HTTPRequest
HTTPRequestFactoryMixin
HTTPResponse
HTTPVersionNotSupported
IAdapted
id
Image
ImageFile
implementedBy
implementer
Implicit
importFile
import_product
import_products
INameChooser
include
includeOverrides
index
IndexError
index_html
IndexSimpleContent
indices
info
inheritedAttribute
init_func
initialize
InitializeClass
initmethod
inner
insert
insertBase
install
install_app_manager
InstalledHandler
install_inituser
install_package
install_product
installProduct
install_products
install_required_roles
install_root_view
install_standards
install_virtual_hosting
InstanceDict
int
interface
interfaceStringCheck
interfaceToName
InternalError
ip_address
isabs
is_acquired
isalpha
isAnyNameAssigned
isCacheable
isDeletable
isdir
isDoomed
isfile
isFiveMethod
isfunction
isHTML
isImplementedBy
isinstance
ISized
islower
ismethod
is_method
isNameAssigned
isSingleMenuItem
isSite
issubclass
isValid
is_xmlrpc_response
item
Item
ItemForDeletion
itemgetter
items
iter
IUserPreferredCharsets
IUserPreferredLanguages
Jar
join
KeyError
keys
killMonkey
klass
Klass
kwsetUp
kwtearDown
LazyCat
LazyFilter
LazyMap
LazyMop
LazyNextBatch
LazyPrevBatch
LazySequenceLength
LazyValues
len
list
listDatabaseNames
listdir
listHeaders
list_imports
listMountPaths
loadapp
load_app
load_config
load_configfile
loadConfigFile
load_config_text
loadMoniker
loads
load_schema
loadserver
load_site
loadURL
load_zcml
LocalSiteHook
LocalsView
localtime
LockableResource
login
logout
lookup
LookupError
lower
lstrip
m
main
makeBaseRequest
makeConnection
makedirs
make_hidden_input
makelist
make_query
makerequest
makeSite
makeSuite
manage
manage_access
manage_acquiredPermissions
manage_addDTMLMethod
manage_addFile
manage_addFolder
manage_addLocalRoles
manage_addPageTemplate
manage_addProperty
manage_addPythonScript
manage_addToContainer
manage_addUserFolder
manage_addVirtualHostMonster
manage_afterAdd
manage_afterClone
manage_beforeDelete
manage_changeOwnershipType
manage_changeProperties
manage_clone
manage_copyObjects
manage_cutObjects
manage_delLocalRoles
manage_delObjects
manage_delProperties
manage_edit
manage_exportObject
manage_fixupOwnershipAfterAdd
manage_FTPget
manage_FTPstat
manage_importObject
manage_listLocalRoles
manage_main
manage_options
manage_pasteObjects
manage_permission
manage_propertiesForm
manage_proxyForm
manage_renameObject
manage_renameObjects
manage_role
managersExist
manage_setLocalRoles
manage_upload
manage_userFolderProperties
map
mapply
mark
match
max
maybeWarnDeprecated
MessageFactory
message_from_file
meth
method
min
Misc_
missing_name
mkdir
mkdtemp
mktemp
mktime
ModuleSecurityInfo
ModuleType
Moniker
moveObjectsByDelta
moveObjectsDown
moveObjectsToBottom
moveObjectsToTop
moveObjectsUp
moveObjectToPosition
mtime_func
mtime_match
multihandler
MultiHook
munge
NameAssignments
NameCaller
names
namespaceLookup
newInteraction
NewMembershipTool
newSecurityManager
next
nextURL
nl
NoCallButAcquisition
node
NoDescription
NoLabel
noLongerProvides
NonTraversableFancyContent
noop
normalize_html
normalizeURL
normalize_xml
normcase
noSecurityManager
note
NotFound
notFoundError
notify
notifyContainerModified
NotImplementedError
NoVerifyPasteFolder
nsParse
NullHandler
NullResource
ob
obid
obj
Obj
object
ObjectAddedEvent
ObjectClonedEvent
ObjectCopiedEvent
objectCount
ObjectCreatedEvent
objectIds
objectIds_d
objectItems
ObjectModifiedEvent
ObjectMovedEvent
ObjectRemovedEvent
objectValues
ObjectWillBeAddedEvent
ObjectWillBeMovedEvent
ObjectWillBeRemovedEvent
obtain
old_validation
open
openResource
opt
OptionParser
OptionsView
ord
OrderedFolder
OrderedObjectManager
orig_func
out
outputBody
OverflowError
ownerInfo
pack
package_home
PackageIndex
package_initialized
page
PageTemplate
PageTemplateFile
parse
parse_args
parse_cookie
parse_input
parseRange
parsestr
parse_vars
partial
path
path2url
path_pop
Pdata
Perm
Permission
PermissionRole
permissionsOfRole
persistentBroken
PersistentComponents
PersistentMapping
pgetattr
physicalPathToVirtualPath
pineForFjords
PlacelessSetup
pop
popen
postProcessInputs
post_traverse
PreferredCharsetResolver
prepare
pretty_tb
PrincipiaSearchSource
print_exc
prior
Prioritzed
ProcessingInstructionTestView
processInputs
processInputValue
ProcessStarting
Product
ProductContext
ProductDispatcher
propdict
property
propertyDescription
property_extensible_schema__
propertyInfo
propertyLabel
PropertySheet
PropertySheetClass
ProtectedItem
ProtectedMethodSecurityPolicy
provideAdapter
providedBy
provideHandler
provider
providesCallable
provideUtility
ps
p_self
pt
pt_edit
pt_editForm
pt_errors
pt_getContext
pt_getEngine
pt_macros
pt_render
PTRuntimeError
pt_setTitle
PubAfterTraversal
PubBeforeAbort
PubBeforeCommit
PubBeforeStreaming
PubFailure
publish
publish_module
publishTraverse
PubStart
PubSuccess
push
queryBeforeTraverse
queryDefaultViewName
queryMultiAdapter
queryUtility
quote
quoted
quoteHTML
quote_plus
r
raise_from
raise_standardErrorMessage
random
Random
range
RawConfigParser
raw_input
read
read_input
readline
read_output
readUserAccessFile
realpath
record
recordMetaData
redirect
Redirect
RedirectException
RedirectStub
register
registerAdapter
registerBaseName
registerBeforeTraverse
registerClass
registerExceptionView
registerHandler
registerPermissions
registerSynch
registerType
release
remove
removeAllProxies
removeContext
removeHandler
render
render_blocks
RepeatDict
replace
repr
reqattr
Request
REQUEST
RequestContainer
request_get
requestmethod
require
reraise
reset
res_factory
resolve
resolve_url
resource
ResourceLockedError
response
ResponseWrapper
Restricted
restrictedTraverse
RestrictingNodeTransformer
RestrictionTransform
retry
reverse
rewrite
rewriteBeforeTraverse
rfc1123_date
rfind
rmdir
rmtree
role_match
root
Root
round
rstrip
Rtd
run
runPTWithLineEndings
RuntimeError
s
safe_builtins
SafeMapping
safe_unicode
same_part
sandbox
sane_environment
sanity_check
savepoint
SchemaLoader
search
SearchableText
searchInterface
search_type
sections
SecureView
seek
serve
ServeCommand
server
set
setAssumeChildren
setattr
setBase
setBody
setcheckinterval
setChildAccess
setconfig
setConfiguration
setContext
setCookie
setDebugInfo
setDebugMode
setdefault
setDefaultAccess
set_default_authentication_realm
setDefaultBehaviors
set_default_debug_mode
setDefaultSkin
setDefaultSorting
setDeprecatedManageAddDelete
setExpandRoot
setHeader
setHooks
setIdAttr
setImplementation
setLevel
setlocale
setPermissionDefault
setPermissions
setRealm
setRepeat
setRequest
setResponseHeaders
setResponseStatus
setRoles
setSecurityManager
setSecurityPolicy
setServerURL
setSite
setSiteManager
setStateFunction
setStatus
setTaggedValue
setup
setUp
setupCurrentSkin
setup_globs
setupInterpreter
setupLocale
setupLocalEnvironment
setup_logging
setup_optionflags
setupPublisher
setupSecurityOptions
setup_test_class
setupZCML
setUser
setVirtualRoot
setVocabularyRegistry
sha
SimpleContent
simplefilter
SimpleItem
simple_marshal
SimpleModuleImporter
SimpleTreeNode
simple_type
SimpleView
SimpleViewClass
SimpleViewletClass
sizeForSorting
skipUnless
sleep
sniff_type
sort
sorted
split
splitext
split_header
splitlines
splitport
splittype
src
Src
StandardErrorMessage
start
start_import
start_of_header_search
start_response
startswith
startup
startup_wsgi
startZope
stat
static
Static
staticmethod
StorageError
str
StreamHandler
strftime
string
StringIO
strip
sub
subn
SubRequest
super
supports_retry
Symbol
sync
SyntaxError
sys_platform
sys_version
t
tag
tag_search
tagSearch
TaintedString
TaintMethodWrapper
TaintRequestWrapper
taintWrapper
td
tearDown
tearDown_
tell
template
TemporaryFile
temporaryPlacelessSetUp
test
test_class
TestFolder
TestItem
TestStreamIterator
test_suite
TestSuite
TestUnboundStreamIterator
textarea_content_search
TextLine
text_type
this
time
timeTime
title
title_and_id
title_or_id
ToBreak
toUrl
toVirt
tpValues
trace
TransactionCounter
transaction_pubevents
translate
traverse
traverseName
traversePathElement
traverser
tree
TreeMaker
TreeNode
tuple
Tuple
type
typeCheck
type_converters
TypeError
u
unauthorized
Unauthorized
UnauthorizedBinding
UnauthorizedSecurityPolicy
undoInfo
undoMultiple
uniform
uninstall
UnitTestSecurityPolicy
UnitTestUser
unlink
UnlockableResource
unmakeSite
unpack
unquote
unregisterAdapter
unregisterBeforeTraverse
unregisterClass
unregisterHandler
unregisterSynch
unrestrictedTraverse
unsizable
unwrapMethod
update
update_data
upgradeException
uploadBigFile
upper
urlencode
urllib_quote
URLmatch
urlopen
urlparse
urlsafe_b64decode
urlsafe_b64encode
usage
user
User
userdefined_roles
UserDict
UserError
UserFolder
userFolderAddUser
userFolderEditUser
ustr
v
validate
validated_hook
validateTimeout
valid_property_id
valid_roles
ValueError
values
verifyClass
verifyObject
version_txt
view
ViewletManager
ViewMapper
ViewNotCallableError
ViewPageTemplateFile
VirtualHostMonster
virtual_url_path
visit
vps
vptf
v_self
walk
warn
warning
WarningsHook
WithDescription
WithLabel
wl_clearLocks
wl_isLockable
wl_isLocked
wl_lockmapping
WrappingUserFolder
write
write_inituser
WSGIRequest
WSGIResponse
WSGIStarter
WSGITestApp
WSGITestAppWithHTTPExceptionHandler
xml_namespace
xrange
Z2UnicodeEncodingConflictResolver
ZApplicationWrapper
ZBindings_edit
ZCacheable_get
ZCacheable_getCache
ZCacheable_getManager
ZCacheable_getManagerId
ZCacheable_getObAndView
ZCacheable_invalidate
ZCacheable_isCachingEnabled
ZCacheable_manage
ZCacheable_set
ZCacheable_setEnabled
ZCacheable_setManagerId
ZCache_get
ZCache_invalidate
ZCacheManager_associate
ZCacheManager_getCache
ZCache_set
zcml_callback
ZDaemonEnvironDict
ZDocumentTemplate_afterRender
ZDocumentTemplate_beforeRender
ZeroDivisionError
zip
Zope2VocabularyRegistry
ZopeDocFileSuite
ZopeDocTestSuite
ZopeEngine
ZopeFind
ZopeFindAndApply
ZopeFinder
ZopePageTemplate
ZopeSuiteFactory
ZopeTwoPageTemplateFile
ZopeWSGIOptions
ZPythonScript_edit
ztkNotFound
ZTK_NotFound
